// Jest Snapshot v1, https://goo.gl/fbAQLP

exports[`components / Weather.tsx should render correctly 1`] = `
<View
  accessibilityLabel="weather card"
  accessibilityRole="button"
  accessible={true}
  collapsable={false}
  focusable={true}
  onClick={[Function]}
  onResponderGrant={[Function]}
  onResponderMove={[Function]}
  onResponderRelease={[Function]}
  onResponderTerminate={[Function]}
  onResponderTerminationRequest={[Function]}
  onStartShouldSetResponder={[Function]}
  style={
    Object {
      "alignItems": "center",
      "flexDirection": "row",
      "height": 70,
      "opacity": 1,
      "paddingHorizontal": 12,
    }
  }
  testID="weather_card_press"
>
  <View
    style={
      Object {
        "alignItems": "center",
        "flex": 1,
        "flexDirection": "row",
      }
    }
  >
    <Image
      accessibilityIgnoresInvertColors={true}
      resizeMode="contain"
      source={
        Object {
          "uri": "https://openweathermap.org/img/wn/04d.png",
        }
      }
      style={
        Object {
          "height": 50,
          "width": 50,
        }
      }
    />
    <View
      style={
        Object {
          "marginHorizontal": 12,
        }
      }
    >
      <Text
        style={
          Array [
            Object {
              "color": "#fff",
              "fontSize": 16,
              "fontWeight": "600",
            },
            Object {
              "color": "#000",
              "opacity": 0.5,
            },
          ]
        }
      >
        Madrid
      </Text>
      <Text
        style={
          Array [
            Object {
              "color": "#fff",
              "fontSize": 16,
              "fontWeight": "600",
            },
            Object {
              "color": "#000",
              "opacity": 0.5,
            },
          ]
        }
      >
        broken clouds
      </Text>
    </View>
  </View>
  <View
    style={
      Array [
        Object {
          "alignItems": "center",
          "flex": 1,
          "flexDirection": "row",
        },
        Object {
          "justifyContent": "flex-end",
        },
      ]
    }
  >
    <View
      style={
        Object {
          "backgroundColor": "#b4d7e3",
          "borderRadius": 50,
          "paddingHorizontal": 18,
          "paddingVertical": 8,
        }
      }
    >
      <Text
        style={
          Object {
            "color": "#fff",
            "fontSize": 16,
            "fontWeight": "600",
          }
        }
      >
        17.9
         °F
      </Text>
    </View>
    <Text
      allowFontScaling={false}
      selectable={false}
      style={
        Array [
          Object {
            "color": "#000",
            "fontSize": 14,
          },
          Object {
            "marginLeft": 12,
            "opacity": 0.5,
          },
          Object {
            "fontFamily": "FontAwesome",
            "fontStyle": "normal",
            "fontWeight": "normal",
          },
          Object {},
        ]
      }
    >
      
    </Text>
  </View>
</View>
`;
